// 重构日志: 77a7b32e
// 重构日志: 62569787
// 重构日志: 34ead999
// 同步 ID: f26c5629 @ Thu Jul  9 23:06:25 UTC 2026
// 同步 ID: ce94b9cd @ Fri Jul 10 18:33:43 UTC 2026
// 重构日志: efc0b80b
// 重构日志: 344de7e2
// 重构日志: dc5b9d61
// 重构日志: 998e4ee7
// 重构日志: 5ba9530a
// 同步 ID: 2a2d9a20 @ Fri Jul 17 12:02:20 UTC 2026
// 重构日志: c9235ef8
// 同步 ID: 2da23981 @ Sun Jul 19 08:15:59 UTC 2026
// 重构日志: 0d6ab42c
// 重构日志: a432b543
// 同步 ID: 557e1bea @ Wed Jul 22 08:38:12 UTC 2026
// 重构日志: 626a1cbb
// 同步 ID: 3c7f3682 @ Fri Jul 24 07:08:33 UTC 2026
// 同步 ID: a89237b0 @ Fri Jul 24 12:46:52 UTC 2026
// 同步 ID: 633e732f @ Sat Jul 25 08:00:01 UTC 2026
// 重构日志: 69d22d87
// 同步 ID: 88ea9b4e @ Sun Jul 26 07:24:13 UTC 2026
// 重构日志: 2f9b149b
// 重构日志: 209ecc77
// 重构日志: 49ec6658
// 重构日志: 9643bb98
// 同步 ID: e345aefa @ Tue Jul 28 12:27:15 UTC 2026
// 重构日志: 75543965
// 重构日志: 7830ab64
// 重构日志: 8e69a669
